// Jest Snapshot v1, https://goo.gl/fbAQLP

exports[`buildActiveMappings combines all mappings and includes core mappings 1`] = `
Object {
  "doc": Object {
    "_meta": Object {
      "migrationMappingHash": Object {
        "aaa": "048823ffe9b30007442525d6207e6771",
        "bbb": "99e19abc6d1180ecbf132d8a5eaa60ea",
        "config": "73cde85b5dab11cb777920da77f7c854",
        "migrationVersion": "f34c5b14d1b6e49dbb0dd2e3c97cb02c",
        "namespace": "52431400f7dca8fce271660a55aa04c9",
        "type": "52431400f7dca8fce271660a55aa04c9",
        "updated_at": "6952c7bde132cc86c181e2be99366b37",
      },
    },
    "dynamic": "strict",
    "properties": Object {
      "aaa": Object {
        "type": "text",
      },
      "bbb": Object {
        "type": "long",
      },
      "config": Object {
        "dynamic": "true",
        "properties": Object {
          "buildNum": Object {
            "type": "keyword",
          },
        },
      },
      "migrationVersion": Object {
        "dynamic": "true",
        "type": "object",
      },
      "namespace": Object {
        "type": "keyword",
      },
      "type": Object {
        "type": "keyword",
      },
      "updated_at": Object {
        "type": "date",
      },
    },
  },
}
`;
